##### variant unconfined
overlays: overlay-setpcap.yml
env: SPIKE_SECCOMP=unconfined SPIKE_APPARMOR=unconfined SPIKE_BOUNDING=drop SPIKE_SKIP_CGROUP=0 SPIKE_DAEMON=1
 Container istota-spike-istota-1 Started 
applied: SecurityOpt=[seccomp=unconfined; no-new-privileges:true; apparmor=unconfined; ] CapAdd=[CAP_CHOWN CAP_FOWNER CAP_SETGID CAP_SETPCAP CAP_SETUID CAP_SYS_ADMIN] CapDrop=[ALL] ReadonlyRootfs=true CgroupnsMode=private AppArmorProfile=unconfined

=== container start log ===
[spike-root] uid=0 caps: CapPrm:	00000000002001c9 CapEff:	00000000002001c9 CapBnd:	00000000002001c9 
[spike-root] cgroup mount before: root=/ type=cgroup2 opts=ro,nosuid,nodev,noexec,relatime
[spike-root] remount,rw: ok
[spike-root] cgroup mount after: root=/ type=cgroup2 opts=rw,nosuid,nodev,noexec,relatime
[spike-root] controllers available: cpuset cpu io memory hugetlb pids rdma misc
[spike-root] root subtree_control: cpu memory pids
[spike-root] dropping: setpriv --reuid=10001 --regid=10001 --init-groups --inh-caps=-all --bounding-set=-all
[spike-unpriv] uid=10001 gid=10001 groups=10001 caps: CapPrm:	0000000000000000 CapEff:	0000000000000000 CapBnd:	0000000000000000 
[spike-unpriv] rendered /data/config/config.toml
[spike-unpriv] istota init: ok
[spike-unpriv] exec istota-scheduler --daemon

=== bwrap as 10001 ===
uid=10001 bwrap=bubblewrap 0.12.0
CASE userns exit=0 stderr= stdout=
CASE userns_proc_dev exit=0 stderr= stdout=
CASE plan_shape exit=0 stderr= stdout=0|touch: cannot touch '/data/db/x': Read-only file system|     10001          0          1|
CASE unshare_net exit=0 stderr= stdout=ifaces ['lo']|connect OSError 101|
CASE outside_net_control exit=0 stderr= stdout=connect ok|
CASE syscalls_in_sandbox exit=0 stderr= stdout=uid=10001|  bpf(BPF_MAP_CREATE, zeroed attr): EINVAL|  keyctl(GET_KEYRING_ID, session): ok rc=221572373|  add_key(NULL type): EFAULT|  userfaultfd(O_CLOEXEC|USER_MODE_ONLY): ok rc=3|  userfaultfd(O_CLOEXEC): EPERM|  perf_event_open(NULL attr): EFAULT|  sysctl kernel.unprivileged_bpf_disabled=2 kerne
CASE executor_bwrap_available exit=0 stderr= stdout=available True needs_unshare_user False|

=== syscalls as 10001, outside bwrap ===
uid=10001
  bpf(BPF_MAP_CREATE, zeroed attr): EINVAL
  keyctl(GET_KEYRING_ID, session): ok rc=221572373
  add_key(NULL type): EFAULT
  userfaultfd(O_CLOEXEC|USER_MODE_ONLY): ok rc=3
  userfaultfd(O_CLOEXEC): EPERM
  perf_event_open(NULL attr): EFAULT
  sysctl kernel.unprivileged_bpf_disabled=2 kernel.perf_event_paranoid=3 vm.unprivileged_userfaultfd=0
