##### variant without-clone3
overlays: overlay-setpcap.yml
env: SPIKE_SECCOMP=/srv/istota-spike/profiles/without-clone3.json SPIKE_APPARMOR=unconfined SPIKE_BOUNDING=drop SPIKE_SKIP_CGROUP=1 SPIKE_DAEMON=1
 Container istota-spike-istota-1 Started 
applied: SecurityOpt=[seccomp={"defaultAction":"SCMP; no-new-privileges:true; apparmor=unconfined; ] CapAdd=[CAP_CHOWN CAP_FOWNER CAP_SETGID CAP_SETPCAP CAP_SETUID CAP_SYS_ADMIN] CapDrop=[ALL] ReadonlyRootfs=true CgroupnsMode=private AppArmorProfile=unconfined

=== daemon never came up ===
running=false exit=130
istota-1  | OpenBLAS blas_thread_init: pthread_create failed for thread 3 of 4: Operation not permitted
istota-1  | OpenBLAS blas_thread_init: ensure that your address space and process count limits are big enough (ulimit -a)
istota-1  | OpenBLAS blas_thread_init: or set a smaller OPENBLAS_NUM_THREADS to fit into what you have available
istota-1  | OpenBLAS blas_thread_init: RLIMIT_NPROC -1 current, -1 max
istota-1  | Traceback (most recent call last):
istota-1  |   File "/app/.venv/bin/istota", line 4, in <module>
istota-1  |     from istota.cli import main
istota-1  |   File "/app/src/istota/cli.py", line 18, in <module>
istota-1  |     from .executor import execute_task
istota-1  |   File "/app/src/istota/executor.py", line 85, in <module>
istota-1  |     from .image_attachments import (
istota-1  |   File "/app/src/istota/image_attachments.py", line 65, in <module>
istota-1  |     from .skills.transcribe.out_of_process import ocr_image_out_of_process
istota-1  |   File "/app/src/istota/skills/transcribe/__init__.py", line 17, in <module>
istota-1  |     from istota.lib.ocr_leaf import ocr_image, preprocess_image, text_from_data
istota-1  |   File "/app/src/istota/lib/ocr_leaf.py", line 48, in <module>
istota-1  |     import pytesseract
istota-1  |   File "/app/.venv/lib/python3.12/site-packages/pytesseract/__init__.py", line 2, in <module>
istota-1  |     from .pytesseract import ALTONotSupported
istota-1  |   File "/app/.venv/lib/python3.12/site-packages/pytesseract/pytesseract.py", line 35, in <module>
istota-1  |     from numpy import ndarray
istota-1  |   File "/app/.venv/lib/python3.12/site-packages/numpy/__init__.py", line 112, in <module>
istota-1  |     from numpy.__config__ import show_config
istota-1  |   File "/app/.venv/lib/python3.12/site-packages/numpy/__config__.py", line 4, in <module>
istota-1  |     from numpy._core._multiarray_umath import (
istota-1  |   File "/app/.venv/lib/python3.12/site-packages/numpy/_core/__init__.py", line 24, in <module>
istota-1  |     from . import multiarray
istota-1  |   File "/app/.venv/lib/python3.12/site-packages/numpy/_core/multiarray.py", line 11, in <module>
istota-1  |     from . import _multiarray_umath, overrides
istota-1  | KeyboardInterrupt
